python.exe : 
F:\FreshRoute\FreshRoute\.venv\Lib\site-packages\pytest_asyncio\plugin.py:207: 
PytestDeprecationWarning: The configuration option 
"asyncio_default_fixture_loop_scope" is unset.
At line:1 char:84
+ ... est_output.txt'; & $py -m pytest tests/ -v --tb=short *> $out; $exit= ...
+                      ~~~~~~~~~~~~~~~~~~~~~~~~~~~~~~~~~~~~~~~~~~~~
    + CategoryInfo          : NotSpecified: (F:\FreshRoute\F...cope" is unset. 
   :String) [], RemoteException
    + FullyQualifiedErrorId : NativeCommandError
 
The event loop scope for asynchronous fixtures will default to the fixture 
caching scope. Future versions of pytest-asyncio will default the loop scope 
for asynchronous fixtures to function scope. Set the default fixture loop 
scope explicitly in order to avoid unexpected behavior in the future. Valid 
fixture loop scopes are: "function", "class", "module", "package", "session"

  warnings.warn(PytestDeprecationWarning(_DEFAULT_FIXTURE_LOOP_SCOPE_UNSET))
============================= test session starts =============================
platform win32 -- Python 3.13.9, pytest-8.3.4, pluggy-1.6.0 -- F:\FreshRoute\FreshRoute\.venv\Scripts\python.exe
cachedir: .pytest_cache
rootdir: F:\FreshRoute\FreshRoute
configfile: pytest.ini
plugins: anyio-4.13.0, asyncio-0.25.0, cov-6.0.0
asyncio: mode=Mode.AUTO, asyncio_default_fixture_loop_scope=None
collecting ... collected 99 items

tests/test_agent_integration.py::test_b2b_agent_full_flow FAILED         [  1%]
tests/test_agent_integration.py::test_agent_handles_packet_metrics FAILED [  2%]
tests/test_agent_integration.py::test_agent_fefo_ordering FAILED         [  3%]
tests/test_agent_integration.py::test_agent_with_near_boundary_deviation FAILED [  4%]
tests/test_allocation.py::TestAllocationStrict::test_strict_single_batch PASSED [  5%]
tests/test_allocation.py::TestAllocationStrict::test_strict_exact_fit PASSED [  6%]
tests/test_allocation.py::TestAllocationStrict::test_strict_exceeds_batch PASSED [  7%]
tests/test_allocation.py::TestAllocationApprox::test_approx_single_batch PASSED [  8%]
tests/test_allocation.py::TestAllocationApprox::test_approx_under_tolerance PASSED [  9%]
tests/test_allocation.py::TestAllocationBest::test_best_prefers_strict_if_feasible PASSED [ 10%]
tests/test_allocation.py::TestAllocationBest::test_best_falls_back_to_approx PASSED [ 11%]
tests/test_allocation.py::TestAllocationFEFO::test_fefo_ordering PASSED  [ 12%]
tests/test_allocation.py::TestAllocationFEFO::test_fefo_multi_batch_consumption PASSED [ 13%]
tests/test_allocation.py::TestAllocationEdgeCases::test_empty_batches PASSED [ 14%]
tests/test_allocation.py::TestAllocationEdgeCases::test_zero_requirement PASSED [ 15%]
tests/test_allocation.py::TestAllocationEdgeCases::test_very_large_requirement PASSED [ 16%]
tests/test_allocation.py::TestAllocationEdgeCases::test_deviation_at_boundary FAILED [ 17%]
tests/test_b2b_agent.py::TestCheckFeasibilityWithPacketAllocation::test_feasible_with_exact_packet_fit FAILED [ 18%]
tests/test_b2b_agent.py::TestCheckFeasibilityWithPacketAllocation::test_feasible_with_ceiling_allocation FAILED [ 19%]
tests/test_b2b_agent.py::TestCheckFeasibilityWithPacketAllocation::test_infeasible_exceeds_tolerance FAILED [ 20%]
tests/test_b2b_agent.py::TestCheckFeasibilityWithPacketAllocation::test_fefo_ordering FAILED [ 21%]
tests/test_b2b_agent.py::TestCheckFeasibilityWithPacketAllocation::test_missing_ingredient_no_inventory FAILED [ 22%]
tests/test_b2b_agent.py::TestCheckFeasibilityWithPacketAllocation::test_multiple_ingredients_completeness FAILED [ 23%]
tests/test_b2b_agent.py::TestCheckFeasibilityWithPacketAllocation::test_packet_metrics_populated FAILED [ 24%]
tests/test_b2b_agent.py::TestFinalizeBundlesEnrichment::test_enrichment_adds_metrics PASSED [ 25%]
tests/test_b2b_agent.py::TestFinalizeBundlesEnrichment::test_enrichment_computes_avg_deviation PASSED [ 26%]
tests/test_consumer_agent.py::TestIngredientNameResolution::test_exact_vietnamese_names PASSED [ 27%]
tests/test_consumer_agent.py::TestIngredientNameResolution::test_informal_names PASSED [ 28%]
tests/test_consumer_agent.py::TestIngredientNameResolution::test_aliases PASSED [ 29%]
tests/test_consumer_agent.py::TestIngredientNameResolution::test_without_diacritics PASSED [ 30%]
tests/test_consumer_agent.py::TestIngredientNameResolution::test_unknown_ingredient_returns_none PASSED [ 31%]
tests/test_consumer_agent.py::TestIngredientNameResolution::test_whitespace_handling PASSED [ 32%]
tests/test_consumer_agent.py::TestIngredientNameResolution::test_batch_resolution PASSED [ 33%]
tests/test_consumer_agent.py::TestIngredientNameResolution::test_display_name_roundtrip PASSED [ 34%]
tests/test_consumer_agent.py::TestOntology::test_query_substitute PASSED [ 35%]
tests/test_consumer_agent.py::TestOntology::test_get_all_substitutes PASSED [ 36%]
tests/test_consumer_agent.py::TestOntology::test_are_substitutes_bidirectional PASSED [ 37%]
tests/test_consumer_agent.py::TestOntology::test_no_substitutes PASSED   [ 38%]
tests/test_consumer_agent.py::TestOntology::test_unknown_relation PASSED [ 39%]
tests/test_consumer_agent.py::TestUserInventory::test_load_user_inventory PASSED [ 40%]
tests/test_consumer_agent.py::TestUserInventory::test_unknown_user_returns_empty PASSED [ 41%]
tests/test_consumer_agent.py::TestUserInventory::test_urgent_ingredients_filtering PASSED [ 42%]
tests/test_consumer_agent.py::TestUserInventory::test_urgent_sorted_by_expiry PASSED [ 43%]
tests/test_consumer_agent.py::TestUserInventory::test_no_urgent_with_low_threshold PASSED [ 44%]
tests/test_consumer_agent.py::TestUserInventory::test_all_urgent_with_high_threshold PASSED [ 45%]
tests/test_consumer_agent.py::TestRecipeScoring::test_recipes_found_for_user PASSED [ 46%]
tests/test_consumer_agent.py::TestRecipeScoring::test_urgent_ingredients_scored_higher PASSED [ 47%]
tests/test_consumer_agent.py::TestRecipeScoring::test_recipes_sorted_by_score PASSED [ 48%]
tests/test_consumer_agent.py::TestRecipeScoring::test_allergy_filtering PASSED [ 49%]
tests/test_consumer_agent.py::TestRecipeScoring::test_empty_inventory_returns_nothing PASSED [ 50%]
tests/test_consumer_agent.py::TestRecipeAdjustment::test_fully_available_recipe ERROR [ 51%]
tests/test_consumer_agent.py::TestRecipeAdjustment::test_allergen_substitution ERROR [ 52%]
tests/test_consumer_agent.py::TestRecipeAdjustment::test_missing_ingredient_marked ERROR [ 53%]
tests/test_consumer_agent.py::TestRecipeAdjustment::test_optional_ingredients_skipped ERROR [ 54%]
tests/test_consumer_agent.py::TestSuggestFlow::test_suggest_basic PASSED [ 55%]
tests/test_consumer_agent.py::TestSuggestFlow::test_suggest_with_allergy PASSED [ 56%]
tests/test_consumer_agent.py::TestSuggestFlow::test_suggest_with_unknown_ingredient PASSED [ 57%]
tests/test_consumer_agent.py::TestConsumerStateShape::test_consumer_state_extends_base PASSED [ 58%]
tests/test_consumer_agent.py::TestConsumerStateShape::test_consumer_tools_registered PASSED [ 59%]
tests/test_p1_priority.py::test_urgency_flag PASSED                      [ 60%]
tests/test_p1_priority.py::test_compute_priority_high_for_near_expiry PASSED [ 61%]
tests/test_p1_priority.py::test_compute_priority_low_for_far_expiry PASSED [ 62%]
tests/test_p1_priority.py::test_run_p1_returns_sorted ERROR              [ 63%]
tests/test_p1_priority.py::test_run_p1_includes_all_critical_high ERROR  [ 64%]
tests/test_p2_retrieval.py::test_build_urgent_set PASSED                 [ 65%]
tests/test_p2_retrieval.py::test_urgency_coverage_score_single PASSED    [ 66%]
tests/test_p2_retrieval.py::test_urgency_coverage_score_multiple PASSED  [ 67%]
tests/test_p2_retrieval.py::test_run_p2_returns_candidates ERROR         [ 68%]
tests/test_p3_feasibility.py::test_build_ingredient_batches_sorted_fefo PASSED [ 69%]
tests/test_p3_feasibility.py::test_get_available_qty_fefo PASSED         [ 70%]
tests/test_p3_feasibility.py::test_check_ingredient_fulfilled PASSED     [ 71%]
tests/test_p3_feasibility.py::test_check_ingredient_substitute PASSED    [ 72%]
tests/test_p3_feasibility.py::test_check_ingredient_skip_optional PASSED [ 73%]
tests/test_p3_feasibility.py::test_check_ingredient_missing_required PASSED [ 74%]
tests/test_p3_feasibility.py::test_run_p3_filters_infeasible ERROR       [ 75%]
tests/test_p5_waste.py::test_compute_waste_score_fulfilled_only PASSED   [ 76%]
tests/test_p5_waste.py::test_run_p5_normalizes PASSED                    [ 77%]
tests/test_p6_ranking.py::test_compute_penalty_no_substitutes PASSED     [ 78%]
tests/test_p6_ranking.py::test_compute_penalty_with_substitutes PASSED   [ 79%]
tests/test_p6_ranking.py::test_compute_final_score PASSED                [ 80%]
tests/test_p6_ranking.py::test_run_p6_ranks FAILED                       [ 81%]
tests/test_p7_pricing.py::test_compute_bundle_prices PASSED              [ 82%]
tests/test_p7_pricing.py::test_compute_weighted_min_margin PASSED        [ 83%]
tests/test_p7_pricing.py::test_apply_discount_within_margin PASSED       [ 84%]
tests/test_p7_pricing.py::test_apply_discount_margin_floor PASSED        [ 85%]
tests/test_pipeline_integration.py::test_full_pipeline FAILED            [ 86%]
tests/test_waste_engine.py::TestWasteScoring::test_no_penalty_on_exact_allocation PASSED [ 87%]
tests/test_waste_engine.py::TestWasteScoring::test_rounding_loss_reduces_score PASSED [ 88%]
tests/test_waste_engine.py::TestWasteScoring::test_deviation_reduces_score PASSED [ 89%]
tests/test_waste_engine.py::TestWasteScoring::test_both_penalties_applied PASSED [ 90%]
tests/test_waste_engine.py::TestWasteScoring::test_rescued_value_weighted_more PASSED [ 91%]
tests/test_waste_engine.py::TestWasteScoring::test_zero_rescued_value PASSED [ 92%]
tests/test_waste_engine.py::TestWastePenaltyWeights::test_alpha_weight_for_rounding_loss PASSED [ 93%]
tests/test_waste_engine.py::TestWastePenaltyWeights::test_beta_weight_for_deviation PASSED [ 94%]
tests/test_waste_engine.py::TestWastePenaltyWeights::test_weights_are_reasonable PASSED [ 95%]
tests/test_waste_engine.py::TestWasteScoreRanges::test_small_waste_reduction PASSED [ 96%]
tests/test_waste_engine.py::TestWasteScoreRanges::test_large_waste_reduction PASSED [ 97%]
tests/test_waste_engine.py::TestWasteScoreRanges::test_score_can_go_negative PASSED [ 98%]
tests/test_waste_engine.py::TestWasteScoreRanges::test_realistic_bundle_score PASSED [100%]

=================================== ERRORS ====================================
_____ ERROR at setup of TestRecipeAdjustment.test_fully_available_recipe ______
tests\conftest.py:31: in mock_recipes
    return json.load(f)
C:\Users\QUOC HAI\AppData\Roaming\uv\python\cpython-3.13.9-windows-x86_64-none\Lib\json\__init__.py:293: in load
    return loads(fp.read(),
C:\Users\QUOC HAI\AppData\Roaming\uv\python\cpython-3.13.9-windows-x86_64-none\Lib\encodings\cp1252.py:23: in decode
    return codecs.charmap_decode(input,self.errors,decoding_table)[0]
E   UnicodeDecodeError: 'charmap' codec can't decode byte 0x8f in position 76: character maps to <undefined>
______ ERROR at setup of TestRecipeAdjustment.test_allergen_substitution ______
tests\conftest.py:31: in mock_recipes
    return json.load(f)
C:\Users\QUOC HAI\AppData\Roaming\uv\python\cpython-3.13.9-windows-x86_64-none\Lib\json\__init__.py:293: in load
    return loads(fp.read(),
C:\Users\QUOC HAI\AppData\Roaming\uv\python\cpython-3.13.9-windows-x86_64-none\Lib\encodings\cp1252.py:23: in decode
    return codecs.charmap_decode(input,self.errors,decoding_table)[0]
E   UnicodeDecodeError: 'charmap' codec can't decode byte 0x8f in position 76: character maps to <undefined>
____ ERROR at setup of TestRecipeAdjustment.test_missing_ingredient_marked ____
tests\conftest.py:31: in mock_recipes
    return json.load(f)
C:\Users\QUOC HAI\AppData\Roaming\uv\python\cpython-3.13.9-windows-x86_64-none\Lib\json\__init__.py:293: in load
    return loads(fp.read(),
C:\Users\QUOC HAI\AppData\Roaming\uv\python\cpython-3.13.9-windows-x86_64-none\Lib\encodings\cp1252.py:23: in decode
    return codecs.charmap_decode(input,self.errors,decoding_table)[0]
E   UnicodeDecodeError: 'charmap' codec can't decode byte 0x8f in position 76: character maps to <undefined>
__ ERROR at setup of TestRecipeAdjustment.test_optional_ingredients_skipped ___
tests\conftest.py:31: in mock_recipes
    return json.load(f)
C:\Users\QUOC HAI\AppData\Roaming\uv\python\cpython-3.13.9-windows-x86_64-none\Lib\json\__init__.py:293: in load
    return loads(fp.read(),
C:\Users\QUOC HAI\AppData\Roaming\uv\python\cpython-3.13.9-windows-x86_64-none\Lib\encodings\cp1252.py:23: in decode
    return codecs.charmap_decode(input,self.errors,decoding_table)[0]
E   UnicodeDecodeError: 'charmap' codec can't decode byte 0x8f in position 76: character maps to <undefined>
________________ ERROR at setup of test_run_p1_returns_sorted _________________
tests\conftest.py:14: in mock_skus
    return json.load(f)
C:\Users\QUOC HAI\AppData\Roaming\uv\python\cpython-3.13.9-windows-x86_64-none\Lib\json\__init__.py:293: in load
    return loads(fp.read(),
C:\Users\QUOC HAI\AppData\Roaming\uv\python\cpython-3.13.9-windows-x86_64-none\Lib\encodings\cp1252.py:23: in decode
    return codecs.charmap_decode(input,self.errors,decoding_table)[0]
E   UnicodeDecodeError: 'charmap' codec can't decode byte 0x90 in position 722: character maps to <undefined>
__________ ERROR at setup of test_run_p1_includes_all_critical_high ___________
tests\conftest.py:14: in mock_skus
    return json.load(f)
C:\Users\QUOC HAI\AppData\Roaming\uv\python\cpython-3.13.9-windows-x86_64-none\Lib\json\__init__.py:293: in load
    return loads(fp.read(),
C:\Users\QUOC HAI\AppData\Roaming\uv\python\cpython-3.13.9-windows-x86_64-none\Lib\encodings\cp1252.py:23: in decode
    return codecs.charmap_decode(input,self.errors,decoding_table)[0]
E   UnicodeDecodeError: 'charmap' codec can't decode byte 0x90 in position 722: character maps to <undefined>
______________ ERROR at setup of test_run_p2_returns_candidates _______________
tests\conftest.py:14: in mock_skus
    return json.load(f)
C:\Users\QUOC HAI\AppData\Roaming\uv\python\cpython-3.13.9-windows-x86_64-none\Lib\json\__init__.py:293: in load
    return loads(fp.read(),
C:\Users\QUOC HAI\AppData\Roaming\uv\python\cpython-3.13.9-windows-x86_64-none\Lib\encodings\cp1252.py:23: in decode
    return codecs.charmap_decode(input,self.errors,decoding_table)[0]
E   UnicodeDecodeError: 'charmap' codec can't decode byte 0x90 in position 722: character maps to <undefined>
______________ ERROR at setup of test_run_p3_filters_infeasible _______________
tests\conftest.py:14: in mock_skus
    return json.load(f)
C:\Users\QUOC HAI\AppData\Roaming\uv\python\cpython-3.13.9-windows-x86_64-none\Lib\json\__init__.py:293: in load
    return loads(fp.read(),
C:\Users\QUOC HAI\AppData\Roaming\uv\python\cpython-3.13.9-windows-x86_64-none\Lib\encodings\cp1252.py:23: in decode
    return codecs.charmap_decode(input,self.errors,decoding_table)[0]
E   UnicodeDecodeError: 'charmap' codec can't decode byte 0x90 in position 722: character maps to <undefined>
================================== FAILURES ===================================
__________________________ test_b2b_agent_full_flow ___________________________
tests\test_agent_integration.py:16: in test_b2b_agent_full_flow
    assert len(urgent_batches) > 0
E   assert 0 > 0
E    +  where 0 = len([])
______________________ test_agent_handles_packet_metrics ______________________
tests\test_agent_integration.py:80: in test_agent_handles_packet_metrics
    result = agent_tools.check_feasibility_and_substitute(recipe, inventory)
app\agent\tools.py:267: in check_feasibility_and_substitute
    full_inventory = connector.get_batches(store_id)
app\integrations\connectors\mock.py:35: in get_batches
    batches = self._batches_cache.get(store_id, [])
E   TypeError: unhashable type: 'list'
__________________________ test_agent_fefo_ordering ___________________________
tests\test_agent_integration.py:134: in test_agent_fefo_ordering
    result = agent_tools.check_feasibility_and_substitute(recipe, inventory)
app\agent\tools.py:267: in check_feasibility_and_substitute
    full_inventory = connector.get_batches(store_id)
app\integrations\connectors\mock.py:35: in get_batches
    batches = self._batches_cache.get(store_id, [])
E   TypeError: unhashable type: 'list'
___________________ test_agent_with_near_boundary_deviation ___________________
tests\test_agent_integration.py:164: in test_agent_with_near_boundary_deviation
    result = agent_tools.check_feasibility_and_substitute(recipe, inventory)
app\agent\tools.py:267: in check_feasibility_and_substitute
    full_inventory = connector.get_batches(store_id)
app\integrations\connectors\mock.py:35: in get_batches
    batches = self._batches_cache.get(store_id, [])
E   TypeError: unhashable type: 'list'
_____________ TestAllocationEdgeCases.test_deviation_at_boundary ______________
tests\test_allocation.py:164: in test_deviation_at_boundary
    assert result_strict.feasible is False
E   AssertionError: assert True is False
E    +  where True = AllocationResult(packets_used=2, allocated_g=200.0, deviation=0.6, strategy='strict', batches_used=[{'batch_id': 'b1', 'sku_id': 'SKU_1', 'packets_taken': 2, 'grams_taken': 200.0}], feasible=True).feasible
_ TestCheckFeasibilityWithPacketAllocation.test_feasible_with_exact_packet_fit _
tests\test_b2b_agent.py:29: in test_feasible_with_exact_packet_fit
    result = agent_tools.check_feasibility_and_substitute(recipe, inventory)
app\agent\tools.py:267: in check_feasibility_and_substitute
    full_inventory = connector.get_batches(store_id)
app\integrations\connectors\mock.py:35: in get_batches
    batches = self._batches_cache.get(store_id, [])
E   TypeError: unhashable type: 'list'
_ TestCheckFeasibilityWithPacketAllocation.test_feasible_with_ceiling_allocation _
tests\test_b2b_agent.py:56: in test_feasible_with_ceiling_allocation
    result = agent_tools.check_feasibility_and_substitute(recipe, inventory)
app\agent\tools.py:267: in check_feasibility_and_substitute
    full_inventory = connector.get_batches(store_id)
app\integrations\connectors\mock.py:35: in get_batches
    batches = self._batches_cache.get(store_id, [])
E   TypeError: unhashable type: 'list'
_ TestCheckFeasibilityWithPacketAllocation.test_infeasible_exceeds_tolerance __
tests\test_b2b_agent.py:82: in test_infeasible_exceeds_tolerance
    result = agent_tools.check_feasibility_and_substitute(recipe, inventory)
app\agent\tools.py:267: in check_feasibility_and_substitute
    full_inventory = connector.get_batches(store_id)
app\integrations\connectors\mock.py:35: in get_batches
    batches = self._batches_cache.get(store_id, [])
E   TypeError: unhashable type: 'list'
_________ TestCheckFeasibilityWithPacketAllocation.test_fefo_ordering _________
tests\test_b2b_agent.py:115: in test_fefo_ordering
    result = agent_tools.check_feasibility_and_substitute(recipe, inventory)
app\agent\tools.py:267: in check_feasibility_and_substitute
    full_inventory = connector.get_batches(store_id)
app\integrations\connectors\mock.py:35: in get_batches
    batches = self._batches_cache.get(store_id, [])
E   TypeError: unhashable type: 'list'
_ TestCheckFeasibilityWithPacketAllocation.test_missing_ingredient_no_inventory _
tests\test_b2b_agent.py:130: in test_missing_ingredient_no_inventory
    result = agent_tools.check_feasibility_and_substitute(recipe, inventory)
app\agent\tools.py:267: in check_feasibility_and_substitute
    full_inventory = connector.get_batches(store_id)
app\integrations\connectors\mock.py:35: in get_batches
    batches = self._batches_cache.get(store_id, [])
E   TypeError: unhashable type: 'list'
_ TestCheckFeasibilityWithPacketAllocation.test_multiple_ingredients_completeness _
tests\test_b2b_agent.py:165: in test_multiple_ingredients_completeness
    result = agent_tools.check_feasibility_and_substitute(recipe, inventory)
app\agent\tools.py:267: in check_feasibility_and_substitute
    full_inventory = connector.get_batches(store_id)
app\integrations\connectors\mock.py:35: in get_batches
    batches = self._batches_cache.get(store_id, [])
E   TypeError: unhashable type: 'list'
___ TestCheckFeasibilityWithPacketAllocation.test_packet_metrics_populated ____
tests\test_b2b_agent.py:192: in test_packet_metrics_populated
    result = agent_tools.check_feasibility_and_substitute(recipe, inventory)
app\agent\tools.py:267: in check_feasibility_and_substitute
    full_inventory = connector.get_batches(store_id)
app\integrations\connectors\mock.py:35: in get_batches
    batches = self._batches_cache.get(store_id, [])
E   TypeError: unhashable type: 'list'
______________________________ test_run_p6_ranks ______________________________
tests\test_p6_ranking.py:52: in test_run_p6_ranks
    assert result[1]["rank"] == 2
E   IndexError: list index out of range
_____________________________ test_full_pipeline ______________________________
tests\test_pipeline_integration.py:26: in test_full_pipeline
    assert len(bundles) > 0
E   assert 0 > 0
E    +  where 0 = len([])
============================== warnings summary ===============================
.venv\Lib\site-packages\pydantic\v1\typing.py:68: 16 warnings
  F:\FreshRoute\FreshRoute\.venv\Lib\site-packages\pydantic\v1\typing.py:68: DeprecationWarning: Failing to pass a value to the 'type_params' parameter of 'typing.ForwardRef._evaluate' is deprecated, as it leads to incorrect behaviour when calling typing.ForwardRef._evaluate on a stringified annotation that references a PEP 695 type parameter. It will be disallowed in Python 3.15.
    return cast(Any, type_)._evaluate(globalns, localns, recursive_guard=set())

-- Docs: https://docs.pytest.org/en/stable/how-to/capture-warnings.html
=========================== short test summary info ===========================
FAILED tests/test_agent_integration.py::test_b2b_agent_full_flow - assert 0 > 0
FAILED tests/test_agent_integration.py::test_agent_handles_packet_metrics - T...
FAILED tests/test_agent_integration.py::test_agent_fefo_ordering - TypeError:...
FAILED tests/test_agent_integration.py::test_agent_with_near_boundary_deviation
FAILED tests/test_allocation.py::TestAllocationEdgeCases::test_deviation_at_boundary
FAILED tests/test_b2b_agent.py::TestCheckFeasibilityWithPacketAllocation::test_feasible_with_exact_packet_fit
FAILED tests/test_b2b_agent.py::TestCheckFeasibilityWithPacketAllocation::test_feasible_with_ceiling_allocation
FAILED tests/test_b2b_agent.py::TestCheckFeasibilityWithPacketAllocation::test_infeasible_exceeds_tolerance
FAILED tests/test_b2b_agent.py::TestCheckFeasibilityWithPacketAllocation::test_fefo_ordering
FAILED tests/test_b2b_agent.py::TestCheckFeasibilityWithPacketAllocation::test_missing_ingredient_no_inventory
FAILED tests/test_b2b_agent.py::TestCheckFeasibilityWithPacketAllocation::test_multiple_ingredients_completeness
FAILED tests/test_b2b_agent.py::TestCheckFeasibilityWithPacketAllocation::test_packet_metrics_populated
FAILED tests/test_p6_ranking.py::test_run_p6_ranks - IndexError: list index o...
FAILED tests/test_pipeline_integration.py::test_full_pipeline - assert 0 > 0
ERROR tests/test_consumer_agent.py::TestRecipeAdjustment::test_fully_available_recipe
ERROR tests/test_consumer_agent.py::TestRecipeAdjustment::test_allergen_substitution
ERROR tests/test_consumer_agent.py::TestRecipeAdjustment::test_missing_ingredient_marked
ERROR tests/test_consumer_agent.py::TestRecipeAdjustment::test_optional_ingredients_skipped
ERROR tests/test_p1_priority.py::test_run_p1_returns_sorted - UnicodeDecodeEr...
ERROR tests/test_p1_priority.py::test_run_p1_includes_all_critical_high - Uni...
ERROR tests/test_p2_retrieval.py::test_run_p2_returns_candidates - UnicodeDec...
ERROR tests/test_p3_feasibility.py::test_run_p3_filters_infeasible - UnicodeD...
============ 14 failed, 77 passed, 16 warnings, 8 errors in 2.32s =============
